map E1M1 [rock]: 182 sectors, grid 1009x871x180, 5262601 structural / 90950796 anchored voxels (0.26s voxelize)
  columns: 419623 sector, 74028 shell, 385188 rock; diagonal fixes 0
  components: 55 (55 anchored, 0 floating with 0 voxels) in 0.20s; size p50=372 p90=19103 p99=2349030 max=5056553
  largest component: 5056553 voxels, 118 PCG iters (res 9.1e-07), 384.98s, max util 15.921, levels 5056553 727710 131330 28337 7187 2112 733 394 47
  statics: 55 components solved (5262601 voxels) in 387.5s, max PCG iters 118, unconverged 0; skipped 0 (0 voxels)
  self-weight bond utilization (nominal capacity): p50=0.0033 p99=0.4120 p99.9=1.1906 max=15.921; bonds >1: 24343, >5 (SOLID onset): 109 of 15239321; max disp 0.0602 m
  anchor distance (bonds): p50=6 p90=48 p99=116 max=197
    validate bullet r=1.5: window util_after=0.0241 full=0.0241 (window 10648 cells 1.12s, full 31.66s)
    validate bullet r=1.5: window util_after=0.5708 full=0.5708 (window 22669 cells 0.70s, full 29.29s)
  window-vs-full validation: 2 events, rel err of max util_after p50=1.51e-06 max=3.02e-06
  bullet events: 200 | detach any 114, piece>=8 vox 40 (largest piece p50=1 max=1000) | newly >1: 16, newly >5: 0 | NO-BUBBLE: 72.0% (onset 1x nominal), 80.0% (onset 5x = prototype SOLID)
      NO-BUBBLE (v1 refined: no newly-overloaded bond at onset 1x, no piece >= 1000 vox): 91.5%
      dUtil p50=0.0337 p90=0.2555 p99=0.7391; window cells p50=7630; event eval p50=0.365s
  rocket events: 40 | detach any 32, piece>=8 vox 12 (largest piece p50=4 max=2741) | newly >1: 7, newly >5: 0 | NO-BUBBLE: 55.0% (onset 1x nominal), 70.0% (onset 5x = prototype SOLID)
      NO-BUBBLE (v1 refined: no newly-overloaded bond at onset 1x, no piece >= 1000 vox): 80.0%
      dUtil p50=0.0812 p90=0.4602 p99=1.3556; window cells p50=20552; event eval p50=0.488s
      583.42 real       917.65 user       304.87 sys
         10824564736  maximum resident set size
                   0  average shared memory size
                   0  average unshared data size
                   0  average unshared stack size
            10991156  page reclaims
                  19  page faults
                   0  swaps
                   0  block input operations
                   0  block output operations
                   0  messages sent
                   0  messages received
                   0  signals received
               18668  voluntary context switches
            26103791  involuntary context switches
       8114626895857  instructions retired
       4224903226534  cycles elapsed
         11225850184  peak memory footprint
